// Vitest Snapshot v1, https://vitest.dev/guide/snapshot.html

exports[`Header > Renders the basic stuff 1`] = `
<div>
  <header>
    <div
      class="headerLogo"
    >
      <a
        href="/"
      >
        <svg
          aria-hidden="true"
          class="svg-inline--fa fa-laptop-code "
          data-icon="laptop-code"
          data-prefix="fas"
          focusable="false"
          id="iconLogo"
          role="img"
          viewBox="0 0 640 512"
          xmlns="http://www.w3.org/2000/svg"
        >
          <path
            d="M64 96c0-35.3 28.7-64 64-64l384 0c35.3 0 64 28.7 64 64l0 256-64 0 0-256L128 96l0 256-64 0L64 96zM0 403.2C0 392.6 8.6 384 19.2 384l601.6 0c10.6 0 19.2 8.6 19.2 19.2c0 42.4-34.4 76.8-76.8 76.8L76.8 480C34.4 480 0 445.6 0 403.2zM281 209l-31 31 31 31c9.4 9.4 9.4 24.6 0 33.9s-24.6 9.4-33.9 0l-48-48c-9.4-9.4-9.4-24.6 0-33.9l48-48c9.4-9.4 24.6-9.4 33.9 0s9.4 24.6 0 33.9zM393 175l48 48c9.4 9.4 9.4 24.6 0 33.9l-48 48c-9.4 9.4-24.6 9.4-33.9 0s-9.4-24.6 0-33.9l31-31-31-31c-9.4-9.4-9.4-24.6 0-33.9s24.6-9.4 33.9 0z"
            fill="currentColor"
          />
        </svg>
        PC Store
      </a>
    </div>
    <nav
      class="headerNav"
    >
      <a
        aria-current="page"
        class="activePage"
        href="/"
      >
        Home
      </a>
      <a
        href="/shop"
      >
        Shop
      </a>
      <a
        href="/about"
      >
        About
      </a>
      <a
        href="/order"
      >
        <svg
          aria-hidden="true"
          class="svg-inline--fa fa-cart-shopping "
          data-icon="cart-shopping"
          data-prefix="fas"
          focusable="false"
          role="img"
          viewBox="0 0 576 512"
          xmlns="http://www.w3.org/2000/svg"
        >
          <path
            d="M0 24C0 10.7 10.7 0 24 0L69.5 0c22 0 41.5 12.8 50.6 32l411 0c26.3 0 45.5 25 38.6 50.4l-41 152.3c-8.5 31.4-37 53.3-69.5 53.3l-288.5 0 5.4 28.5c2.2 11.3 12.1 19.5 23.6 19.5L488 336c13.3 0 24 10.7 24 24s-10.7 24-24 24l-288.3 0c-34.6 0-64.3-24.6-70.7-58.5L77.4 54.5c-.7-3.8-4-6.5-7.9-6.5L24 48C10.7 48 0 37.3 0 24zM128 464a48 48 0 1 1 96 0 48 48 0 1 1 -96 0zm336-48a48 48 0 1 1 0 96 48 48 0 1 1 0-96z"
            fill="currentColor"
          />
        </svg>
      </a>
    </nav>
  </header>
</div>
`;
